// Jest Snapshot v1, https://goo.gl/fbAQLP

exports[`Checkbox.vue displays passed content 1`] = `<label class="checkbox-container"><b>Hello</b> <input type="checkbox"> <span class="checkmark regular"></span></label>`;
