// Jest Snapshot v1, https://goo.gl/fbAQLP

exports[`Checkbox.vue displays passed content 1`] = `<div class="checkbox-container"><label><b>Hello</b> <input type="checkbox" value=""> <span class="checkmark regular"></span></label></div>`;
